{
id: number;
text: string;
authorization: { view: boolean; update: boolean; }
}